  $ ../../../../install/default/bin/stanc --filename-in-msg=foo.stan  filename_error.stan

Semantic error in 'foo.stan', line 3, column 17 to column 18:

Identifier 'a' not in scope.

